
> arillasoft@0.1.0 build
> prisma generate && next build

Environment variables loaded from .env
Prisma schema loaded from prisma\schema.prisma
Error: 
EPERM: operation not permitted, rename 'C:\Users\Yusuf\Desktop\anasayfa\ArillaSoft\ARILLAWEB\node_modules\.prisma\client\query_engine-windows.dll.node.tmp8268' -> 'C:\Users\Yusuf\Desktop\anasayfa\ArillaSoft\ARILLAWEB\node_modules\.prisma\client\query_engine-windows.dll.node'


